> > ajouter to add
aller to go
appeler to call
arriver to arrive
attendre to wait
avoir to have
> ajouter to add
> recevoir to receive
rendre to return
> > 