> Usage: s <string>
> ajouter to add
> ajouter to add
> 2 ajouter to add
> 